// Jest Snapshot v1, https://goo.gl/fbAQLP

exports[`Textfield renders correctly 1`] = `
<Fragment>
  <input
    className="nxrm-textfield"
    name="testTextfield"
    onChange={[Function]}
    type="text"
    value="val"
  />
</Fragment>
`;
